Microchip MPLAB XC8 Compiler V1.36 ()

Linker command line:

-W-3 --edf=C:\Microchip\xc8\v1.36\dat\en_msgs.txt -cs \
  -h+dist/default/debug\SlaveStewart.X.debug.sym \
  --cmf=dist/default/debug\SlaveStewart.X.debug.cmf -z -Q18F4431 \
  -oC:\Users\MIGUEL~1\AppData\Local\Temp\s8s0.2 \
  -Mdist/default/debug/SlaveStewart.X.debug.map -E1 -ver=XC8 \
  -ASTACK=060h-02eeh -pstack=STACK -ACODE=00h-03CFFh -ACONST=00h-03CFFh \
  -ASMALLCONST=0300h-03FFhx58 -AMEDIUMCONST=0300h-03CFFh -ACOMRAM=01h-05Fh \
  -AABS1=00h-02EEh -ABIGRAM=01h-02EEh \
  -ARAM=060h-0FFh,0100h-01FFh,0200h-02EEh -ABANK0=060h-0FFh \
  -ABANK1=0100h-01FFh -ABANK2=0200h-02EEh \
  -ASFR=0F60h-0F9Bh,0F9Dh-0FD3h,0FD5h-0FDAh,0FE0h-0FE2h,0FE8h-0FEAh,0FF0h-0FFBh \
  -preset_vec=00h,intcode=08h,intcodelo,powerup,init,end_init \
  -pramtop=0300h -psmallconst=SMALLCONST -pmediumconst=MEDIUMCONST \
  -pconst=CONST -AFARRAM=00h-00h -ACONFIG=0300000h-030000Dh -pconfig=CONFIG \
  -AIDLOC=0200000h-0200007h -pidloc=IDLOC -AEEDATA=0F00000h-0F000FFh \
  -peeprom_data=EEDATA \
  -prdata=COMRAM,nvrram=COMRAM,nvbit=COMRAM,rbss=COMRAM,rbit=COMRAM \
  -pfarbss=FARRAM,fardata=FARRAM,nvFARRAM=FARRAM \
  -pintsave_regs=BIGRAM,bigbss=BIGRAM,bigdata=BIGRAM -pbss=RAM \
  -pidata=CODE,irdata=CODE,ibigdata=CODE,ifardata=CODE -prparam=COMRAM \
  C:\Users\MIGUEL~1\AppData\Local\Temp\s8s0.obj \
  dist/default/debug\SlaveStewart.X.debug.obj 

Object code version is 3.11

Machine type is 18F4431

Call graph: (short form)




                Name                               Link     Load   Length Selector   Space Scale
C:\Users\MIGUEL~1\AppData\Local\Temp\s8s0.obj
                end_init                             B4       B4        4        4       0
                reset_vec                             0        0        6        0       0
                idloc                            200000   200000        8   200000       0
                config                           300000   300000        E   300000       0
dist/default/debug\SlaveStewart.X.debug.obj
                intcode                               8        8       AC        4       0
                temp                                 1A       1A        1        1       1
                text6                               1AC      1AC        A        4       0
                text5                               17E      17E       12        4       0
                text4                               19E      19E        E        4       0
                text3                               1B6      1B6        8        4       0
                text2                                B8       B8       84        4       0
                text1                               13C      13C       2A        4       0
                text0                               166      166       18        4       0
                cstackCOMRAM                          1        1       17        1       1
                bssCOMRAM                            18       18        2        1       1
                cinit                               190      190        E        4       0

TOTAL           Name                               Link     Load   Length     Space
        CLASS   STACK          

        CLASS   CODE           
                end_init                             B4       B4        4         0
                intcode                               8        8       AC         0
                reset_vec                             0        0        6         0
                text6                               1AC      1AC        A         0
                text5                               17E      17E       12         0
                text4                               19E      19E        E         0
                text3                               1B6      1B6        8         0
                text2                                B8       B8       84         0
                text1                               13C      13C       2A         0
                text0                               166      166       18         0
                cinit                               190      190        E         0

        CLASS   CONST          

        CLASS   SMALLCONST     

        CLASS   MEDIUMCONST    

        CLASS   COMRAM         
                temp                                 1A       1A        1         1
                cstackCOMRAM                          1        1       17         1
                bssCOMRAM                            18       18        2         1

        CLASS   ABS1           

        CLASS   BIGRAM         

        CLASS   RAM            

        CLASS   BANK0          

        CLASS   BANK1          

        CLASS   BANK2          

        CLASS   SFR            

        CLASS   FARRAM         

        CLASS   CONFIG         
                config                           300000   300000        E         0

        CLASS   IDLOC          
                idloc                            200000   200000        8         0

        CLASS   EEDATA         



SEGMENTS        Name                           Load    Length   Top    Selector   Space  Class

                reset_vec                      000000  000006  000006         0       0  CODE    
                cstackCOMRAM                   000001  00001A  00001B         1       1  COMRAM  
                intcode                        000008  0001B6  0001BE         4       0  CODE    
                idloc                          200000  000008  200008    200000       0  IDLOC   
                config                         300000  00000E  30000E    300000       0  CONFIG  


UNUSED ADDRESS RANGES

        Name                Unused          Largest block    Delta
        BANK0            000060-0000FF               A0
        BANK1            000100-0001FF              100
        BANK2            000200-0002EE               EF
        BIGRAM           00001B-0002EE              2D4
        CODE             000006-000007                2
                         0001BE-003CFF             3B42
        COMRAM           00001B-00005F               45
        CONST            000006-000007                2
                         0001BE-003CFF             3B42
        EEDATA           F00000-F000FF              100
        MEDIUMCONST      000300-003CFF             3A00
        RAM              000060-0002EE              100
        SFR              000F60-000F9B               3C
                         000F9D-000FD3               37
                         000FD5-000FDA                6
                         000FE0-000FE2                3
                         000FE8-000FEA                3
                         000FF0-000FFB                C
        SMALLCONST       000300-003CFF              100
        STACK            000060-0002EE              28F

                                  Symbol Table

?___awdiv                   cstackCOMRAM 00000F
_BF                         (abs)        007E38
_CCP1CON                    (abs)        000FBD
_CCP2CON                    (abs)        000FBA
_CCPR1L                     (abs)        000FBE
_CCPR2L                     (abs)        000FBB
_CKP                        (abs)        007E34
_GIE                        (abs)        007F97
_GPREG                      bssCOMRAM    000018
_IPEN                       (abs)        007E87
_ISR_high                   intcode      000008
_LATC1                      (abs)        007C59
_LATC2                      (abs)        007C5A
_PR2                        (abs)        000FCB
_RC1                        (abs)        007C11
_RC2                        (abs)        007C12
_SSPADD                     (abs)        000FC8
_SSPBUF                     (abs)        000FC9
_SSPCON                     (abs)        000FC6
_SSPIE                      (abs)        007CEB
_SSPIF                      (abs)        007CF3
_SSPIP                      (abs)        007CFB
_SSPOV                      (abs)        007E36
_T2CON                      (abs)        000FCA
_TRISC1                     (abs)        007CA1
_TRISC2                     (abs)        007CA2
_TRISD2                     (abs)        007CAA
_TRISD3                     (abs)        007CAB
_WCOL                       (abs)        007E37
__CFG_BOREN$ON              (abs)        000000
__CFG_CP0$OFF               (abs)        000000
__CFG_CP1$OFF               (abs)        000000
__CFG_CP2$OFF               (abs)        000000
__CFG_CP3$OFF               (abs)        000000
__CFG_CPB$OFF               (abs)        000000
__CFG_CPD$OFF               (abs)        000000
__CFG_EBTR0$OFF             (abs)        000000
__CFG_EBTR1$OFF             (abs)        000000
__CFG_EBTR2$OFF             (abs)        000000
__CFG_EBTR3$OFF             (abs)        000000
__CFG_EBTRB$OFF             (abs)        000000
__CFG_EXCLKMX$RC3           (abs)        000000
__CFG_FCMEN$ON              (abs)        000000
__CFG_FLTAMX$RC1            (abs)        000000
__CFG_HPOL$HIGH             (abs)        000000
__CFG_IESO$ON               (abs)        000000
__CFG_LPOL$HIGH             (abs)        000000
__CFG_LVP$OFF               (abs)        000000
__CFG_MCLRE$ON              (abs)        000000
__CFG_OSC$RC                (abs)        000000
__CFG_PWM4MX$RB5            (abs)        000000
__CFG_PWMPIN$OFF            (abs)        000000
__CFG_PWRTEN$OFF            (abs)        000000
__CFG_SSPMX$RC7             (abs)        000000
__CFG_STVREN$ON             (abs)        000000
__CFG_T1OSCMX$ON            (abs)        000000
__CFG_WDPS$32768            (abs)        000000
__CFG_WDTEN$OFF             (abs)        000000
__CFG_WINEN$OFF             (abs)        000000
__CFG_WRT0$OFF              (abs)        000000
__CFG_WRT1$OFF              (abs)        000000
__CFG_WRT2$OFF              (abs)        000000
__CFG_WRT3$OFF              (abs)        000000
__CFG_WRTB$OFF              (abs)        000000
__CFG_WRTC$OFF              (abs)        000000
__CFG_WRTD$OFF              (abs)        000000
__HRAM                      (abs)        000000
__Habs1                     abs1         000000
__Hbank0                    bank0        000000
__Hbank1                    bank1        000000
__Hbank2                    bank2        000000
__Hbigbss                   bigbss       000000
__Hbigdata                  bigdata      000000
__Hbigram                   bigram       000000
__Hbss                      bss          000000
__HbssCOMRAM                bssCOMRAM    000000
__Hcinit                    cinit        000000
__Hclrtext                  clrtext      000000
__Hcomram                   comram       000000
__Hconfig                   config       30000E
__Hconst                    const        000000
__HcstackCOMRAM             cstackCOMRAM 000000
__Hdata                     data         000000
__Heeprom_data              eeprom_data  000000
__Hend_init                 end_init     0000B8
__Hfarbss                   farbss       000000
__Hfardata                  fardata      000000
__Hibigdata                 ibigdata     000000
__Hidata                    idata        000000
__Hidloc                    idloc        200008
__Hifardata                 ifardata     000000
__Hinit                     init         0000B4
__Hintcode                  intcode      0000B4
__Hintcode_body             intcode_body 000000
__Hintcodelo                intcodelo    0000B4
__Hintentry                 intentry     000000
__Hintret                   intret       000000
__Hintsave_regs             intsave_regs 000000
__Hirdata                   irdata       000000
__Hmediumconst              mediumconst  000000
__HnvFARRAM                 nvFARRAM     000000
__Hnvbit                    nvbit        000000
__Hnvrram                   nvrram       000000
__Hparam                    rparam       000000
__Hpowerup                  powerup      0000B4
__Hram                      ram          000000
__Hramtop                   ramtop       000300
__Hrbit                     rbit         000000
__Hrbss                     rbss         000000
__Hrdata                    rdata        000000
__Hreset_vec                reset_vec    000006
__Hrparam                   rparam       000000
__Hsfr                      sfr          000000
__Hsmallconst               smallconst   000000
__Hspace_0                  (abs)        30000E
__Hspace_1                  (abs)        00001B
__Hspace_2                  (abs)        000000
__Hstack                    stack        000000
__Hstruct                   struct       000000
__Htemp                     temp         00001B
__Htext                     text         000000
__Htext0                    text0        000000
__Htext1                    text1        000000
__Htext2                    text2        000000
__Htext3                    text3        000000
__Htext4                    text4        000000
__Htext5                    text5        000000
__Htext6                    text6        000000
__LRAM                      (abs)        000001
__Labs1                     abs1         000000
__Lbank0                    bank0        000000
__Lbank1                    bank1        000000
__Lbank2                    bank2        000000
__Lbigbss                   bigbss       000000
__Lbigdata                  bigdata      000000
__Lbigram                   bigram       000000
__Lbss                      bss          000000
__LbssCOMRAM                bssCOMRAM    000000
__Lcinit                    cinit        000000
__Lclrtext                  clrtext      000000
__Lcomram                   comram       000000
__Lconfig                   config       300000
__Lconst                    const        000000
__LcstackCOMRAM             cstackCOMRAM 000000
__Ldata                     data         000000
__Leeprom_data              eeprom_data  000000
__Lend_init                 end_init     0000B4
__Lfarbss                   farbss       000000
__Lfardata                  fardata      000000
__Libigdata                 ibigdata     000000
__Lidata                    idata        000000
__Lidloc                    idloc        200000
__Lifardata                 ifardata     000000
__Linit                     init         0000B4
__Lintcode                  intcode      000008
__Lintcode_body             intcode_body 000000
__Lintcodelo                intcodelo    0000B4
__Lintentry                 intentry     000000
__Lintret                   intret       000000
__Lintsave_regs             intsave_regs 000000
__Lirdata                   irdata       000000
__Lmediumconst              mediumconst  000000
__LnvFARRAM                 nvFARRAM     000000
__Lnvbit                    nvbit        000000
__Lnvrram                   nvrram       000000
__Lparam                    rparam       000000
__Lpowerup                  powerup      0000B4
__Lram                      ram          000000
__Lramtop                   ramtop       000300
__Lrbit                     rbit         000000
__Lrbss                     rbss         000000
__Lrdata                    rdata        000000
__Lreset_vec                reset_vec    000000
__Lrparam                   rparam       000000
__Lsfr                      sfr          000000
__Lsmallconst               smallconst   000000
__Lspace_0                  (abs)        000000
__Lspace_1                  (abs)        000000
__Lspace_2                  (abs)        000000
__Lstack                    stack        000000
__Lstruct                   struct       000000
__Ltemp                     temp         00001A
__Ltext                     text         000000
__Ltext0                    text0        000000
__Ltext1                    text1        000000
__Ltext2                    text2        000000
__Ltext3                    text3        000000
__Ltext4                    text4        000000
__Ltext5                    text5        000000
__Ltext6                    text6        000000
__S0                        (abs)        30000E
__S1                        (abs)        00001B
__S2                        (abs)        000000
___awdiv                    text2        0000B8
___awdiv@counter            cstackCOMRAM 000013
___awdiv@dividend           cstackCOMRAM 00000F
___awdiv@divisor            cstackCOMRAM 000011
___awdiv@quotient           cstackCOMRAM 000015
___awdiv@sign               cstackCOMRAM 000014
___inthi_sp                 stack        000000
___intlo_sp                 stack        000000
___param_bank               (abs)        000010
___rparam_used              (abs)        000001
___sp                       stack        000000
__accesstop                 (abs)        000060
__activetblptr              (abs)        000000
__end_of_ISR_high           intcode      0000B4
__end_of___awdiv            text2        00013C
__end_of__initialization    cinit        000194
__end_of_enable_Interrupts  text6        0001B6
__end_of_init_GPIO          text5        000190
__end_of_init_PERIPH        text4        0001AC
__end_of_main               text0        00017E
__end_of_routineSelector    text3        0001BE
__end_of_write_PWMF         text1        000166
__initialization            cinit        000190
__mediumconst               mediumconst  000000
__pbssCOMRAM                bssCOMRAM    000018
__pcinit                    cinit        000190
__pcstackCOMRAM             cstackCOMRAM 000001
__pintcode                  intcode      000008
__ptext0                    text0        000166
__ptext1                    text1        00013C
__ptext2                    text2        0000B8
__ptext3                    text3        0001B6
__ptext4                    text4        00019E
__ptext5                    text5        00017E
__ptext6                    text6        0001AC
__ramtop                    ramtop       000300
__size_of_ISR_high          (abs)        000000
__size_of___awdiv           (abs)        000000
__size_of_enable_Interrupts (abs)        000000
__size_of_init_GPIO         (abs)        000000
__size_of_init_PERIPH       (abs)        000000
__size_of_main              (abs)        000000
__size_of_routineSelector   (abs)        000000
__size_of_write_PWMF        (abs)        000000
__smallconst                smallconst   000000
_enable_Interrupts          text6        0001AC
_i2cData                    bssCOMRAM    000019
_init_GPIO                  text5        00017E
_init_PERIPH                text4        00019E
_main                       text0        000166
_routineSelector            text3        0001B6
_write_PWMF                 text1        00013C
btemp                       temp         00001A
end_of_initialization       cinit        000194
int$flags                   temp         00001A
intlevel0                   text         000000
intlevel1                   text         000000
intlevel2                   text         000000
intlevel3                   text         000000
stackhi                     (abs)        0002EE
stacklo                     (abs)        000060
start                       init         0000B4
start_initialization        cinit        000190
write_PWMF@dutyCycle        cstackCOMRAM 000017


FUNCTION INFORMATION:

 *************** function _main *****************
 Defined at:
		line 70 in file "Main/Main.c"
 Parameters:    Size  Location     Type
		None
 Auto vars:     Size  Location     Type
		None
 Return value:  Size  Location     Type
                  1    wreg      void 
 Registers used:
		wreg, status,2, status,0, prodl, prodh, cstack
 Tracked objects:
		On entry : 
		On exit  : 
		Unchanged: 
 Data sizes:     COMRAM   BANK0   BANK1   BANK2
      Params:         0       0       0       0
      Locals:         0       0       0       0
      Temps:          0       0       0       0
      Totals:         0       0       0       0
Total ram usage:        0 bytes
 Hardware stack levels required when called:    3
 This function calls:
		_enable_Interrupts
		_init_GPIO
		_init_PERIPH
		_routineSelector
		_write_PWMF
 This function is called by:
		Startup code after reset
 This function uses a non-reentrant model


 *************** function _write_PWMF *****************
 Defined at:
		line 127 in file "Main/Main.c"
 Parameters:    Size  Location     Type
  dutyCycle       1    wreg     unsigned char 
 Auto vars:     Size  Location     Type
  dutyCycle       1   22[COMRAM] unsigned char 
 Return value:  Size  Location     Type
                  1    wreg      void 
 Registers used:
		wreg, status,2, status,0, prodl, prodh, cstack
 Tracked objects:
		On entry : 
		On exit  : 
		Unchanged: 
 Data sizes:     COMRAM   BANK0   BANK1   BANK2
      Params:         0       0       0       0
      Locals:         1       0       0       0
      Temps:          0       0       0       0
      Totals:         1       0       0       0
Total ram usage:        1 bytes
 Hardware stack levels used:    1
 Hardware stack levels required when called:    2
 This function calls:
		___awdiv
 This function is called by:
		_main
 This function uses a non-reentrant model


 *************** function ___awdiv *****************
 Defined at:
		line 8 in file "C:\Microchip\xc8\v1.36\sources\common\awdiv.c"
 Parameters:    Size  Location     Type
  dividend        2   14[COMRAM] int 
  divisor         2   16[COMRAM] int 
 Auto vars:     Size  Location     Type
  quotient        2   20[COMRAM] int 
  sign            1   19[COMRAM] unsigned char 
  counter         1   18[COMRAM] unsigned char 
 Return value:  Size  Location     Type
                  2   14[COMRAM] int 
 Registers used:
		wreg, status,2, status,0
 Tracked objects:
		On entry : 
		On exit  : 
		Unchanged: 
 Data sizes:     COMRAM   BANK0   BANK1   BANK2
      Params:         4       0       0       0
      Locals:         4       0       0       0
      Temps:          0       0       0       0
      Totals:         8       0       0       0
Total ram usage:        8 bytes
 Hardware stack levels used:    1
 Hardware stack levels required when called:    1
 This function calls:
		Nothing
 This function is called by:
		_write_PWMF
		_write_PWMR
 This function uses a non-reentrant model


 *************** function _routineSelector *****************
 Defined at:
		line 84 in file "Main/Main.c"
 Parameters:    Size  Location     Type
		None
 Auto vars:     Size  Location     Type
		None
 Return value:  Size  Location     Type
                  1    wreg      void 
 Registers used:
		None
 Tracked objects:
		On entry : 
		On exit  : 
		Unchanged: 
 Data sizes:     COMRAM   BANK0   BANK1   BANK2
      Params:         0       0       0       0
      Locals:         0       0       0       0
      Temps:          0       0       0       0
      Totals:         0       0       0       0
Total ram usage:        0 bytes
 Hardware stack levels used:    1
 Hardware stack levels required when called:    1
 This function calls:
		Nothing
 This function is called by:
		_main
 This function uses a non-reentrant model


 *************** function _init_PERIPH *****************
 Defined at:
		line 115 in file "Main/Main.c"
 Parameters:    Size  Location     Type
		None
 Auto vars:     Size  Location     Type
		None
 Return value:  Size  Location     Type
                  1    wreg      void 
 Registers used:
		wreg, status,2
 Tracked objects:
		On entry : 
		On exit  : 
		Unchanged: 
 Data sizes:     COMRAM   BANK0   BANK1   BANK2
      Params:         0       0       0       0
      Locals:         0       0       0       0
      Temps:          0       0       0       0
      Totals:         0       0       0       0
Total ram usage:        0 bytes
 Hardware stack levels used:    1
 Hardware stack levels required when called:    1
 This function calls:
		Nothing
 This function is called by:
		_main
 This function uses a non-reentrant model


 *************** function _init_GPIO *****************
 Defined at:
		line 103 in file "Main/Main.c"
 Parameters:    Size  Location     Type
		None
 Auto vars:     Size  Location     Type
		None
 Return value:  Size  Location     Type
                  1    wreg      void 
 Registers used:
		None
 Tracked objects:
		On entry : 
		On exit  : 
		Unchanged: 
 Data sizes:     COMRAM   BANK0   BANK1   BANK2
      Params:         0       0       0       0
      Locals:         0       0       0       0
      Temps:          0       0       0       0
      Totals:         0       0       0       0
Total ram usage:        0 bytes
 Hardware stack levels used:    1
 Hardware stack levels required when called:    1
 This function calls:
		Nothing
 This function is called by:
		_main
 This function uses a non-reentrant model


 *************** function _enable_Interrupts *****************
 Defined at:
		line 149 in file "Main/Main.c"
 Parameters:    Size  Location     Type
		None
 Auto vars:     Size  Location     Type
		None
 Return value:  Size  Location     Type
                  1    wreg      void 
 Registers used:
		None
 Tracked objects:
		On entry : 
		On exit  : 
		Unchanged: 
 Data sizes:     COMRAM   BANK0   BANK1   BANK2
      Params:         0       0       0       0
      Locals:         0       0       0       0
      Temps:          0       0       0       0
      Totals:         0       0       0       0
Total ram usage:        0 bytes
 Hardware stack levels used:    1
 Hardware stack levels required when called:    1
 This function calls:
		Nothing
 This function is called by:
		_main
 This function uses a non-reentrant model


 *************** function _ISR_high *****************
 Defined at:
		line 38 in file "Main/Main.c"
 Parameters:    Size  Location     Type
		None
 Auto vars:     Size  Location     Type
		None
 Return value:  Size  Location     Type
                  1    wreg      void 
 Registers used:
		wreg, status,2, status,0
 Tracked objects:
		On entry : 
		On exit  : 
		Unchanged: 
 Data sizes:     COMRAM   BANK0   BANK1   BANK2
      Params:         0       0       0       0
      Locals:         0       0       0       0
      Temps:         14       0       0       0
      Totals:        14       0       0       0
Total ram usage:       14 bytes
 Hardware stack levels used:    1
 This function calls:
		Nothing
 This function is called by:
		Interrupt level 2
 This function uses a non-reentrant model



MODULE INFORMATION

Module		Function		Class		Link	Load	Size
shared
		__initialization		CODE           	0190	0000	5

shared estimated size: 5

C:\Microchip\xc8\v1.36\sources\common\awdiv.c
		___awdiv       		CODE           	00B8	0000	133

C:\Microchip\xc8\v1.36\sources\common\awdiv.c estimated size: 133

Main/Main.c
		_ISR_high      		CODE           	0008	0000	173
		_enable_Interrupts		CODE           	01AC	0000	11
		_main          		CODE           	0166	0000	25
		_write_PWMF    		CODE           	013C	0000	43
		_init_PERIPH   		CODE           	019E	0000	15
		_routineSelector		CODE           	01B6	0000	9
		_init_GPIO     		CODE           	017E	0000	19

Main/Main.c estimated size: 295

